// Jest Snapshot v1, https://goo.gl/fbAQLP

exports[`Range should match snapshot 1`] = `
Array [
  <label
    className="usa-label"
    htmlFor="range-example"
  >
    Range label
  </label>,
  <input
    aria-valuemax={100}
    aria-valuemin={0}
    className="usa-range"
    disabled={false}
    id="range-example"
    max={100}
    min={0}
    role="slider"
    step={1}
    type="range"
  />,
]
`;
