// Jest Snapshot v1, https://goo.gl/fbAQLP

exports[`SkipNav should match snapshot 1`] = `
<a
  className="usa-skipnav"
  href="#main-content"
  onClick={[Function]}
>
  Skip to main content
</a>
`;
