// Jest Snapshot v1, https://goo.gl/fbAQLP

exports[`SummaryBox should match snapshot 1`] = `
<div
  className="usa-summary-box"
  role="complementary"
>
  <div
    className="usa-summary-box__body"
  >
    <h3
      className="usa-summary-box__heading"
    >
      Key information
    </h3>
    <div
      className="usa-summary-box__text"
    >
      <ul
        className="usa-list"
      >
        <li>
          If you are under a winter storm warning,
           
          <a
            className="usa-summary-box__link"
            href="#usa-anchor-find-shelter"
          >
            find shelter
          </a>
           
          right away.
        </li>
        <li>
          Sign up for
           
          <a
            className="usa-summary-box__link"
            href="#usa-anchor-warning-system"
          >
            your communityâ€™s warning system
          </a>
          .
        </li>
        <li>
          Learn the signs of, and basic treatments for,
           
          <a
            className="usa-summary-box__link"
            href="#usa-anchor-frostbite"
          >
            frostbite
          </a>
           
          and
           
          <a
            className="usa-summary-box__link"
            href="#usa-anchor-hypothermia"
          >
            hypothermia
          </a>
          .
        </li>
        <li>
          Gather emergency supplies for your
           
          <a
            className="usa-summary-box__link"
            href="#usa-anchor-home"
          >
            home
          </a>
           
          and your
           
          <a
            className="usa-summary-box__link"
            href="#usa-anchor-car"
          >
            car
          </a>
          .
        </li>
      </ul>
    </div>
  </div>
</div>
`;
