// Jest Snapshot v1, https://goo.gl/fbAQLP

exports[`ProcessList should match snapshot 1`] = `
<ol
  className="usa-process-list"
>
  <li
    className="usa-process-list__item"
  >
    <h4
      className="usa-process-list__heading"
    >
      Start a process.
    </h4>
    Lorem ipsum dolor sit amet, consectetuer adipiscing elit. Morbi commodo, ipsum sed pharetra gravida, orci magna rhoncus neque.
    <ul>
      <li>
        Lorem ipsum dolor sit amet, consectetuer adipiscing elit. Morbi commodo, ipsum sed pharetra gravida, orci magna rhoncus nequem id pulvinar odio lorem non turpis.
      </li>
      <li>
        Nullam sit amet enim. Suspendisse id velit vitae ligula volutpat conndimentum.
      </li>
      <li>
        Aliquam erat volutpat. Sed quis velit.
      </li>
    </ul>
  </li>
  <li
    className="usa-process-list__item"
  >
    <h4
      className="usa-process-list__heading"
    >
      Proceed to the second step.
    </h4>
    Lorem ipsum dolor sit amet, consectetuer adipiscing elit. Morbi commodo, ipsum sed pharetra gravida, orci magna rhoncus neque, id pulvinar odio lorem non turpis. Nullam sit amet enim. Suspendisse id velit vitae ligula volutpat condimentum. Aliquam erat volutpat. Sed quis velit. Nulla facilisi. Nulla libero. Vivamus pharetra posuere sapien.
  </li>
  <li
    className="usa-process-list__item"
  >
    <h4
      className="usa-process-list__heading"
    >
      Complete the step-by-step process.
    </h4>
    Nullam sit amet enim. Suspendisse id velit vitae ligula volutpat condimentum. Aliquam erat volutpat. Sed quis velit. Nulla facilisi. Nulla libero. Vivamus pharetra posuere sapien.
  </li>
</ol>
`;
